<span class="Identifier">&lt;</span><span class="Statement">p</span><span class="Identifier">&gt;</span>
    <span class="Special">{{</span> <span class="Statement">$</span><span class="Identifier">address</span> <span class="Special">}}</span><span class="Comment">{{-- Double braces on purpose: already escaped --}}</span>
    <span class="Statement">@if </span><span class="Special">(</span><span class="Statement">$</span><span class="Identifier">address</span> <span class="Statement">&amp;&amp;</span> <span class="Statement">$</span><span class="Identifier">document</span><span class="Type">-&gt;</span>getMyText<span class="Special">(</span>'<span class="Constant">phone</span>'<span class="Special">))</span>
        <span class="Identifier">&lt;</span><span class="Statement">br</span><span class="Identifier">/&gt;</span>
    <span class="Statement">@endif</span>
    <span class="Statement">@if </span><span class="Special">(</span><span class="Statement">$</span><span class="Identifier">document</span><span class="Type">-&gt;</span>getMyText<span class="Special">(</span>'<span class="Constant">phone</span>'<span class="Special">))</span>
        T: <span class="Identifier">&lt;</span><span class="Statement">a</span><span class="Identifier"> </span><span class="Type">href</span><span class="Identifier">=</span><span class="Constant">&quot;tel:</span><span class="Special">{{{</span> <span class="Statement">$</span><span class="Identifier">document</span><span class="Type">-&gt;</span>getMyText<span class="Special">(</span>'<span class="Constant">phone</span>'<span class="Special">)</span> <span class="Special">}}}</span><span class="Constant">&quot;</span><span class="Identifier">&gt;</span><span class="Underlined">Phone </span><span class="Special">{{{</span> <span class="Statement">$</span><span class="Identifier">document</span><span class="Type">-&gt;</span>getMyText<span class="Special">(</span>'<span class="Constant">phone</span>'<span class="Special">)</span> <span class="Special">}}}</span><span class="Identifier">&lt;/</span><span class="Statement">a</span><span class="Identifier">&gt;</span>
    <span class="Statement">@endif</span>
    <span class="Statement">@if </span><span class="Special">(</span><span class="Statement">$</span><span class="Identifier">document</span><span class="Type">-&gt;</span>getMyText<span class="Special">(</span>'<span class="Constant">phone</span>'<span class="Special">)</span> <span class="Statement">&amp;&amp;</span> <span class="Statement">$</span><span class="Identifier">document</span><span class="Type">-&gt;</span>getMyText<span class="Special">(</span>'<span class="Constant">email</span>'<span class="Special">))</span>
        or
    <span class="Statement">@endif</span>
    <span class="Statement">@if </span><span class="Special">(</span><span class="Statement">$</span><span class="Identifier">document</span><span class="Type">-&gt;</span>getMyText<span class="Special">(</span>'<span class="Constant">email</span>'<span class="Special">))</span>
        E: <span class="Identifier">&lt;</span><span class="Statement">a</span><span class="Identifier"> </span><span class="Type">href</span><span class="Identifier">=</span><span class="Constant">&quot;mailto:</span><span class="Special">{{{</span> <span class="Statement">$</span><span class="Identifier">document</span><span class="Type">-&gt;</span>getMyText<span class="Special">(</span>'<span class="Constant">email</span>'<span class="Special">)</span> <span class="Special">}}}</span><span class="Constant">&quot;</span><span class="Identifier">&gt;</span><span class="Underlined">Email </span><span class="Special">{{{</span> <span class="Statement">$</span><span class="Identifier">document</span><span class="Type">-&gt;</span>getMyText<span class="Special">(</span>'<span class="Constant">email</span>'<span class="Special">)</span> <span class="Special">}}}</span><span class="Identifier">&lt;/</span><span class="Statement">a</span><span class="Identifier">&gt;</span>
    <span class="Statement">@endif</span>
<span class="Identifier">&lt;/</span><span class="Statement">p</span><span class="Identifier">&gt;</span>
<span class="Identifier">&lt;</span><span class="Statement">em</span><span class="Identifier">&gt;</span>
<span class="htmlItalic">    </span><span class="Special">{{</span> <span class="Statement">$</span><span class="Identifier">address</span> <span class="Special">}}</span><span class="Comment">{{-- Double braces on purpose: already escaped --}}</span>
<span class="htmlItalic">    </span><span class="Statement">@if </span><span class="Special">(</span><span class="Statement">$</span><span class="Identifier">address</span> <span class="Statement">&amp;&amp;</span> <span class="Statement">$</span><span class="Identifier">document</span><span class="Type">-&gt;</span>getMyText<span class="Special">(</span>'<span class="Constant">phone</span>'<span class="Special">))</span>
<span class="htmlItalic">        </span><span class="Identifier">&lt;</span><span class="Statement">br</span><span class="Identifier">/&gt;</span>
<span class="htmlItalic">    </span><span class="Statement">@endif</span>
<span class="htmlItalic">    </span><span class="Statement">@if </span><span class="Special">(</span><span class="Statement">$</span><span class="Identifier">document</span><span class="Type">-&gt;</span>getMyText<span class="Special">(</span>'<span class="Constant">phone</span>'<span class="Special">))</span>
<span class="htmlItalic">        T: </span><span class="Identifier">&lt;</span><span class="Statement">a</span><span class="Identifier"> </span><span class="Type">href</span><span class="Identifier">=</span><span class="Constant">&quot;tel:</span><span class="Special">{{{</span> <span class="Statement">$</span><span class="Identifier">document</span><span class="Type">-&gt;</span>getMyText<span class="Special">(</span>'<span class="Constant">phone</span>'<span class="Special">)</span> <span class="Special">}}}</span><span class="Constant">&quot;</span><span class="Identifier">&gt;</span><span class="Underlined">Phone </span><span class="Special">{{{</span> <span class="Statement">$</span><span class="Identifier">document</span><span class="Type">-&gt;</span>getMyText<span class="Special">(</span>'<span class="Constant">phone</span>'<span class="Special">)</span> <span class="Special">}}}</span><span class="Identifier">&lt;/</span><span class="Statement">a</span><span class="Identifier">&gt;</span>
<span class="htmlItalic">    </span><span class="Statement">@endif</span>
<span class="htmlItalic">    </span><span class="Statement">@if </span><span class="Special">(</span><span class="Statement">$</span><span class="Identifier">document</span><span class="Type">-&gt;</span>getMyText<span class="Special">(</span>'<span class="Constant">phone</span>'<span class="Special">)</span> <span class="Statement">&amp;&amp;</span> <span class="Statement">$</span><span class="Identifier">document</span><span class="Type">-&gt;</span>getMyText<span class="Special">(</span>'<span class="Constant">email</span>'<span class="Special">))</span>
<span class="htmlItalic">        or</span>
<span class="htmlItalic">    </span><span class="Statement">@endif</span>
<span class="htmlItalic">    </span><span class="Statement">@if </span><span class="Special">(</span><span class="Statement">$</span><span class="Identifier">document</span><span class="Type">-&gt;</span>getMyText<span class="Special">(</span>'<span class="Constant">email</span>'<span class="Special">))</span>
<span class="htmlItalic">        E: </span><span class="Identifier">&lt;</span><span class="Statement">a</span><span class="Identifier"> </span><span class="Type">href</span><span class="Identifier">=</span><span class="Constant">&quot;mailto:</span><span class="Special">{{{</span> <span class="Statement">$</span><span class="Identifier">document</span><span class="Type">-&gt;</span>getMyText<span class="Special">(</span>'<span class="Constant">email</span>'<span class="Special">)</span> <span class="Special">}}}</span><span class="Constant">&quot;</span><span class="Identifier">&gt;</span><span class="Underlined">Email </span><span class="Special">{{{</span> <span class="Statement">$</span><span class="Identifier">document</span><span class="Type">-&gt;</span>getMyText<span class="Special">(</span>'<span class="Constant">email</span>'<span class="Special">)</span> <span class="Special">}}}</span><span class="Identifier">&lt;/</span><span class="Statement">a</span><span class="Identifier">&gt;</span>
<span class="htmlItalic">    </span><span class="Statement">@endif</span>
<span class="Identifier">&lt;/</span><span class="Statement">em</span><span class="Identifier">&gt;</span>
<span class="Identifier">&lt;</span><span class="Statement">strong</span><span class="Identifier">&gt;</span>
<span class="htmlBold">    </span><span class="Special">{{</span> <span class="Statement">$</span><span class="Identifier">address</span> <span class="Special">}}</span><span class="Comment">{{-- Double braces on purpose: already escaped --}}</span>
<span class="htmlBold">    </span><span class="Statement">@if </span><span class="Special">(</span><span class="Statement">$</span><span class="Identifier">address</span> <span class="Statement">&amp;&amp;</span> <span class="Statement">$</span><span class="Identifier">document</span><span class="Type">-&gt;</span>getMyText<span class="Special">(</span>'<span class="Constant">phone</span>'<span class="Special">))</span>
<span class="htmlBold">        </span><span class="Identifier">&lt;</span><span class="Statement">br</span><span class="Identifier">/&gt;</span>
<span class="htmlBold">    </span><span class="Statement">@endif</span>
<span class="htmlBold">    </span><span class="Statement">@if </span><span class="Special">(</span><span class="Statement">$</span><span class="Identifier">document</span><span class="Type">-&gt;</span>getMyText<span class="Special">(</span>'<span class="Constant">phone</span>'<span class="Special">))</span>
<span class="htmlBold">        T: </span><span class="Identifier">&lt;</span><span class="Statement">a</span><span class="Identifier"> </span><span class="Type">href</span><span class="Identifier">=</span><span class="Constant">&quot;tel:</span><span class="Special">{{{</span> <span class="Statement">$</span><span class="Identifier">document</span><span class="Type">-&gt;</span>getMyText<span class="Special">(</span>'<span class="Constant">phone</span>'<span class="Special">)</span> <span class="Special">}}}</span><span class="Constant">&quot;</span><span class="Identifier">&gt;</span><span class="Underlined">Phone </span><span class="Special">{{{</span> <span class="Statement">$</span><span class="Identifier">document</span><span class="Type">-&gt;</span>getMyText<span class="Special">(</span>'<span class="Constant">phone</span>'<span class="Special">)</span> <span class="Special">}}}</span><span class="Identifier">&lt;/</span><span class="Statement">a</span><span class="Identifier">&gt;</span>
<span class="htmlBold">    </span><span class="Statement">@endif</span>
<span class="htmlBold">    </span><span class="Statement">@if </span><span class="Special">(</span><span class="Statement">$</span><span class="Identifier">document</span><span class="Type">-&gt;</span>getMyText<span class="Special">(</span>'<span class="Constant">phone</span>'<span class="Special">)</span> <span class="Statement">&amp;&amp;</span> <span class="Statement">$</span><span class="Identifier">document</span><span class="Type">-&gt;</span>getMyText<span class="Special">(</span>'<span class="Constant">email</span>'<span class="Special">))</span>
<span class="htmlBold">        or</span>
<span class="htmlBold">    </span><span class="Statement">@endif</span>
<span class="htmlBold">    </span><span class="Statement">@if </span><span class="Special">(</span><span class="Statement">$</span><span class="Identifier">document</span><span class="Type">-&gt;</span>getMyText<span class="Special">(</span>'<span class="Constant">email</span>'<span class="Special">))</span>
<span class="htmlBold">        E: </span><span class="Identifier">&lt;</span><span class="Statement">a</span><span class="Identifier"> </span><span class="Type">href</span><span class="Identifier">=</span><span class="Constant">&quot;mailto:</span><span class="Special">{{{</span> <span class="Statement">$</span><span class="Identifier">document</span><span class="Type">-&gt;</span>getMyText<span class="Special">(</span>'<span class="Constant">email</span>'<span class="Special">)</span> <span class="Special">}}}</span><span class="Constant">&quot;</span><span class="Identifier">&gt;</span><span class="Underlined">Email </span><span class="Special">{{{</span> <span class="Statement">$</span><span class="Identifier">document</span><span class="Type">-&gt;</span>getMyText<span class="Special">(</span>'<span class="Constant">email</span>'<span class="Special">)</span> <span class="Special">}}}</span><span class="Identifier">&lt;/</span><span class="Statement">a</span><span class="Identifier">&gt;</span>
<span class="htmlBold">    </span><span class="Statement">@endif</span>
<span class="Identifier">&lt;/</span><span class="Statement">strong</span><span class="Identifier">&gt;</span>
<span class="Identifier">&lt;</span><span class="Statement">a</span><span class="Identifier"> </span><span class="Type">href</span><span class="Identifier">=</span><span class="Constant">&quot;<a href="http://example.com">http://example.com</a>&quot;</span><span class="Identifier">&gt;</span>
    <span class="Special">{{</span> <span class="Statement">$</span><span class="Identifier">address</span> <span class="Special">}}</span><span class="Comment">{{-- Double braces on purpose: already escaped --}}</span>
    <span class="Statement">@if </span><span class="Special">(</span><span class="Statement">$</span><span class="Identifier">address</span> <span class="Statement">&amp;&amp;</span> <span class="Statement">$</span><span class="Identifier">document</span><span class="Type">-&gt;</span>getMyText<span class="Special">(</span>'<span class="Constant">phone</span>'<span class="Special">))</span>
        <span class="Identifier">&lt;</span><span class="Statement">br</span><span class="Identifier">/&gt;</span>
    <span class="Statement">@endif</span>
    <span class="Statement">@if </span><span class="Special">(</span><span class="Statement">$</span><span class="Identifier">document</span><span class="Type">-&gt;</span>getMyText<span class="Special">(</span>'<span class="Constant">phone</span>'<span class="Special">))</span>
        <span class="Underlined">T: </span><span class="Identifier">&lt;</span><span class="Statement">span</span><span class="Identifier"> </span><span class="Type">class</span><span class="Identifier">=</span><span class="Constant">&quot;tel:</span><span class="Special">{{{</span> <span class="Statement">$</span><span class="Identifier">document</span><span class="Type">-&gt;</span>getMyText<span class="Special">(</span>'<span class="Constant">phone</span>'<span class="Special">)</span> <span class="Special">}}}</span><span class="Constant">&quot;</span><span class="Identifier">&gt;</span><span class="Underlined">Phone </span><span class="Special">{{{</span> <span class="Statement">$</span><span class="Identifier">document</span><span class="Type">-&gt;</span>getMyText<span class="Special">(</span>'<span class="Constant">phone</span>'<span class="Special">)</span> <span class="Special">}}}</span><span class="Identifier">&lt;/</span><span class="Statement">span</span><span class="Identifier">&gt;</span>
    <span class="Statement">@endif</span>
    <span class="Statement">@if </span><span class="Special">(</span><span class="Statement">$</span><span class="Identifier">document</span><span class="Type">-&gt;</span>getMyText<span class="Special">(</span>'<span class="Constant">phone</span>'<span class="Special">)</span> <span class="Statement">&amp;&amp;</span> <span class="Statement">$</span><span class="Identifier">document</span><span class="Type">-&gt;</span>getMyText<span class="Special">(</span>'<span class="Constant">email</span>'<span class="Special">))</span>
        <span class="Underlined">or</span>
    <span class="Statement">@endif</span>
    <span class="Statement">@if </span><span class="Special">(</span><span class="Statement">$</span><span class="Identifier">document</span><span class="Type">-&gt;</span>getMyText<span class="Special">(</span>'<span class="Constant">email</span>'<span class="Special">))</span>
        <span class="Underlined">E: </span><span class="Identifier">&lt;</span><span class="Statement">span</span><span class="Identifier"> </span><span class="Type">class</span><span class="Identifier">=</span><span class="Constant">&quot;mailto:</span><span class="Special">{{{</span> <span class="Statement">$</span><span class="Identifier">document</span><span class="Type">-&gt;</span>getMyText<span class="Special">(</span>'<span class="Constant">email</span>'<span class="Special">)</span> <span class="Special">}}}</span><span class="Constant">&quot;</span><span class="Identifier">&gt;</span><span class="Underlined">Email </span><span class="Special">{{{</span> <span class="Statement">$</span><span class="Identifier">document</span><span class="Type">-&gt;</span>getMyText<span class="Special">(</span>'<span class="Constant">email</span>'<span class="Special">)</span> <span class="Special">}}}</span><span class="Identifier">&lt;/</span><span class="Statement">span</span><span class="Identifier">&gt;</span>
    <span class="Statement">@endif</span>
<span class="Identifier">&lt;/</span><span class="Statement">a</span><span class="Identifier">&gt;</span>
