<span class="Statement">@if </span><span class="Special">(</span><span class="Statement">$</span><span class="Identifier">a</span> <span class="Statement">==</span> '<span class="Constant">b</span>'<span class="Special">)</span> <span class="Identifier">&lt;</span><span class="Statement">h1</span><span class="Identifier">&gt;</span><span class="Title">Same!</span><span class="Identifier">&lt;/</span><span class="Statement">h1</span><span class="Identifier">&gt;</span> <span class="Statement">@endif</span>
<span class="Identifier">&lt;</span><span class="Statement">div</span><span class="Identifier">&gt;</span>
    <span class="Identifier">&lt;</span><span class="Statement">h2</span><span class="Identifier"> </span><span class="Type">class</span><span class="Identifier">=</span><span class="Constant">&quot;big-heading </span><span class="Special">{{{</span> <span class="Statement">$</span><span class="Identifier">h1Class</span> <span class="Special">}}}</span><span class="Constant"> </span><span class="Statement">@if </span><span class="Special">(</span><span class="Statement">$</span><span class="Identifier">a</span> <span class="Statement">==</span> '<span class="Constant">b</span>'<span class="Special">)</span><span class="Constant"> same-class </span><span class="Statement">@endif</span><span class="Constant">&quot;</span><span class="Identifier"> </span><span class="Statement">@if </span><span class="Special">(</span><span class="Statement">$</span><span class="Identifier">a</span> <span class="Statement">==</span> '<span class="Constant">b</span>'<span class="Special">)</span><span class="Identifier"> </span><span class="Type">data</span><span class="Identifier">-extra-attr=</span><span class="Constant">&quot;same&quot;</span><span class="Identifier"> </span><span class="Statement">@endif</span><span class="Identifier">&gt;</span>
<span class="Title">        H2 content</span>
<span class="Title">    </span><span class="Identifier">&lt;/</span><span class="Statement">h2</span><span class="Identifier">&gt;</span>
<span class="Identifier">&lt;/</span><span class="Statement">div</span><span class="Identifier">&gt;</span>
